# AWS Teardown Verification

Generated: 2026-07-02T19:14:31.5804409Z UTC

## Billable compute (should all be CLEAR)

- [OK] **ECS clusters:** CLEAR - (none)
- [WARN] **ECR repositories:** FOUND - portfolio-wine-sagemaker
- [OK] **CloudWatch /ecs log groups:** CLEAR - (none)
- [WARN] **Demo security groups:** FOUND - sg-0f419c2bda6f55312
- [OK] **SageMaker endpoints:** CLEAR - (none)
- [OK] **EMR Serverless apps:** CLEAR - (none)
- [OK] **EKS clusters:** CLEAR - (none)
- [OK] **MWAA environments:** CLEAR - (none)

## S3 kept on purpose (storage only, under 2 USD/mo)

PRE data/
                           PRE drift-reports/
                           PRE emr-demo/
                           PRE mlflow-artifacts/
                           PRE models/
                           PRE sagemaker/

## Expected ongoing cost

| Resource | Monthly |
|----------|---------|
| S3 artifacts | under 2 USD |
| ECS / Fargate / ECR | 0 USD |
| SageMaker endpoints | 0 USD |
| EMR Serverless | 0 USD |
| EKS | 0 USD |
| MWAA | 0 USD |

**Result: 2 resource(s) still present - review above.**

